// Jest Snapshot v1, https://goo.gl/fbAQLP

exports[`renders without crashing 1`] = `
<form
  className="mx-auto w-80 flex-col items-center"
  onSubmit={[Function]}
>
  <div>
    <label
      className="sr-only"
      htmlFor="name"
    >
      Name
    </label>
    <input
      className="rounded border pl-2"
      id="name"
      name="name"
      placeholder="Enter Your Name"
      type="text"
    />
  </div>
  <button
    className="mt-4 bg-purple-500 px-4 py-2 text-white"
    type="submit"
  >
    Submit
  </button>
</form>
`;
